// Jest Snapshot v1, https://goo.gl/fbAQLP

exports[`<App /> matches the snapshot 1`] = `
<div>
  <ul>
    <li
      key="1"
      onClick={[Function]}
    >
      John
       
      Roberts
    </li>
    <li
      key="2"
      onClick={[Function]}
    >
      Frita
       
      Waters
    </li>
    <li
      key="3"
      onClick={[Function]}
    >
      Bart
       
      Simpson
    </li>
  </ul>
  <UserInfoFull
    selectedUser=""
  />
</div>
`;
